<testsuites name="jest tests" tests="1" failures="0" time="0.034">
  <testsuite name="undefined" errors="0" failures="0" skipped="0" timestamp="2018-11-28T09:18:26" time="0.029" tests="1">
    <testcase classname=" renders without crashing" name=" renders without crashing" time="0.002">
    </testcase>
  </testsuite>
</testsuites>